[C:/Users/Leona/OneDrive/Desktop/Projetos DEV/Rancho Canaã/Rancho Canaã/backblue.gif]
[C:/Users/Leona/OneDrive/Desktop/Projetos DEV/Rancho Canaã/Rancho Canaã/fade.gif]
[C:/Users/Leona/OneDrive/Desktop/Projetos DEV/Rancho Canaã/Rancho Canaã/index.html]
[C:/Users/Leona/OneDrive/Desktop/Projetos DEV/Rancho Canaã/Rancho Canaã/cdnjs.cloudflare.com/ajax/libs/font-awesome/4.3.0/css/font-awesome.min.css]
[C:/Users/Leona/OneDrive/Desktop/Projetos DEV/Rancho Canaã/Rancho Canaã/pingendo.github.io/pingendo-bootstrap/themes/default/bootstrap.3.delayed]
[C:/Users/Leona/OneDrive/Desktop/Projetos DEV/Rancho Canaã/Rancho Canaã/www.ranchofaria.com.br/arquivos/themes/ranchofaria/fancybox/jquery.fancybox.js]
[C:/Users/Leona/OneDrive/Desktop/Projetos DEV/Rancho Canaã/Rancho Canaã/www.ranchofaria.com.br/arquivos/themes/ranchofaria/favicon.ico]
[C:/Users/Leona/OneDrive/Desktop/Projetos DEV/Rancho Canaã/Rancho Canaã/www.ranchofaria.com.br/arquivos/themes/ranchofaria/js/scrollReveal.min6281.js]
[C:/Users/Leona/OneDrive/Desktop/Projetos DEV/Rancho Canaã/Rancho Canaã/www.ranchofaria.com.br/arquivos/themes/ranchofaria/js/jquery.mb.YTPlayer.min6281.js]
[C:/Users/Leona/OneDrive/Desktop/Projetos DEV/Rancho Canaã/Rancho Canaã/www.ranchofaria.com.br/wp-includes/wlwmanifest.xml]
[C:/Users/Leona/OneDrive/Desktop/Projetos DEV/Rancho Canaã/Rancho Canaã/www.google-analytics.com/analytics.js]
[C:/Users/Leona/OneDrive/Desktop/Projetos DEV/Rancho Canaã/Rancho Canaã/www.ranchofaria.com.br/wp-json/index.html]
[C:/Users/Leona/OneDrive/Desktop/Projetos DEV/Rancho Canaã/Rancho Canaã/www.ranchofaria.com.br/arquivos/themes/ranchofaria/img/ranchoFaria.png]
[C:/Users/Leona/OneDrive/Desktop/Projetos DEV/Rancho Canaã/Rancho Canaã/www.ranchofaria.com.br/arquivos/themes/ranchofaria/img/raca.png]
[C:/Users/Leona/OneDrive/Desktop/Projetos DEV/Rancho Canaã/Rancho Canaã/www.ranchofaria.com.br/arquivos/themes/ranchofaria/js/neotot.js]
[C:/Users/Leona/OneDrive/Desktop/Projetos DEV/Rancho Canaã/Rancho Canaã/www.ranchofaria.com.br/wp-includes/js/wp-embed.min6281.js]
[C:/Users/Leona/OneDrive/Desktop/Projetos DEV/Rancho Canaã/Rancho Canaã/www.ranchofaria.com.br/index.html]
[C:/Users/Leona/OneDrive/Desktop/Projetos DEV/Rancho Canaã/Rancho Canaã/cdnjs.cloudflare.com/ajax/libs/jquery/2.0.3/jquery.min.js]
[C:/Users/Leona/OneDrive/Desktop/Projetos DEV/Rancho Canaã/Rancho Canaã/netdna.bootstrapcdn.com/bootstrap/3.3.4/js/bootstrap.min.js]
[C:/Users/Leona/OneDrive/Desktop/Projetos DEV/Rancho Canaã/Rancho Canaã/cdnjs.cloudflare.com/ajax/libs/font-awesome/4.3.0/css/font-awesome.min.css]
[C:/Users/Leona/OneDrive/Desktop/Projetos DEV/Rancho Canaã/Rancho Canaã/pingendo.github.io/pingendo-bootstrap/themes/default/bootstrap.html]
[C:/Users/Leona/OneDrive/Desktop/Projetos DEV/Rancho Canaã/Rancho Canaã/www.ranchofaria.com.br/arquivos/themes/ranchofaria/fancybox/jquery.fancybox.css]
[C:/Users/Leona/OneDrive/Desktop/Projetos DEV/Rancho Canaã/Rancho Canaã/www.ranchofaria.com.br/v/index.html]
[C:/Users/Leona/OneDrive/Desktop/Projetos DEV/Rancho Canaã/Rancho Canaã/www.ranchofaria.com.br/arquivos/themes/ranchofaria/css/style.css]
[C:/Users/Leona/OneDrive/Desktop/Projetos DEV/Rancho Canaã/Rancho Canaã/www.ranchofaria.com.br/wp-includes/css/dist/block-library/style.min6281.css]
[C:/Users/Leona/OneDrive/Desktop/Projetos DEV/Rancho Canaã/Rancho Canaã/www.ranchofaria.com.br/arquivos/plugins/advanced-responsive-video-embedder/public/advanced-responsive-video-embedder-public8993.css]
[C:/Users/Leona/OneDrive/Desktop/Projetos DEV/Rancho Canaã/Rancho Canaã/www.ranchofaria.com.br/arquivos/plugins/contact-form-7/includes/css/styles5b31.css]
[C:/Users/Leona/OneDrive/Desktop/Projetos DEV/Rancho Canaã/Rancho Canaã/www.ranchofaria.com.br/garanhoes/index.html]
[C:/Users/Leona/OneDrive/Desktop/Projetos DEV/Rancho Canaã/Rancho Canaã/www.ranchofaria.com.br/matrizes/index.html]
[C:/Users/Leona/OneDrive/Desktop/Projetos DEV/Rancho Canaã/Rancho Canaã/www.ranchofaria.com.br/time-de-pista/index.html]
[C:/Users/Leona/OneDrive/Desktop/Projetos DEV/Rancho Canaã/Rancho Canaã/www.ranchofaria.com.br/animais-a-venda/index.html]
[C:/Users/Leona/OneDrive/Desktop/Projetos DEV/Rancho Canaã/Rancho Canaã/www.ranchofaria.com.br/competicoes/index.html]
[C:/Users/Leona/OneDrive/Desktop/Projetos DEV/Rancho Canaã/Rancho Canaã/www.ranchofaria.com.br/xmlrpc0db0.html]
